{
  "exclude": {
    "files": "^test/*|^.secrets.baseline$",
    "lines": null
  },
  "generated_at": "2026-06-29T12:30:08Z",
  "plugins_used": [
    {
      "name": "AWSKeyDetector"
    },
    {
      "name": "ArtifactoryDetector"
    },
    {
      "name": "AzureStorageKeyDetector"
    },
    {
      "base64_limit": 4.5,
      "name": "Base64HighEntropyString"
    },
    {
      "name": "BasicAuthDetector"
    },
    {
      "name": "BoxDetector"
    },
    {
      "name": "CloudantDetector"
    },
    {
      "ghe_instance": "github.ibm.com",
      "name": "GheDetector"
    },
    {
      "name": "GitHubTokenDetector"
    },
    {
      "hex_limit": 3,
      "name": "HexHighEntropyString"
    },
    {
      "name": "IbmCloudIamDetector"
    },
    {
      "name": "IbmCosHmacDetector"
    },
    {
      "name": "JwtTokenDetector"
    },
    {
      "keyword_exclude": null,
      "name": "KeywordDetector"
    },
    {
      "name": "MailchimpDetector"
    },
    {
      "name": "NpmDetector"
    },
    {
      "name": "PrivateKeyDetector"
    },
    {
      "name": "SlackDetector"
    },
    {
      "name": "SoftlayerDetector"
    },
    {
      "name": "SquareOAuthDetector"
    },
    {
      "name": "StripeDetector"
    },
    {
      "name": "TwilioKeyDetector"
    }
  ],
  "results": {
    "buildenv/jenkins/ARTIFACTORY.md": [
      {
        "hashed_secret": "07313f0e320f22cbfa35cfc220508eb3ff457c7e",
        "is_secret": false,
        "is_verified": false,
        "line_number": 288,
        "type": "Secret Keyword",
        "verified_result": null
      }
    ],
    "buildenv/jenkins/common/build.groovy": [
      {
        "hashed_secret": "53f87d0cadd4f96eb250190b62c20381802bd43c",
        "is_secret": false,
        "is_verified": false,
        "line_number": 70,
        "type": "Secret Keyword",
        "verified_result": null
      }
    ],
    "doc/build-instructions/Build_Instructions_V11.md": [
      {
        "hashed_secret": "32e3c614609e9f0b4e1189f3c9e48834eaf07967",
        "is_secret": false,
        "is_verified": false,
        "line_number": 975,
        "type": "Secret Keyword",
        "verified_result": null
      },
      {
        "hashed_secret": "2f60debd470b0d4fd4f0671f879e6304890e1ab0",
        "is_secret": false,
        "is_verified": false,
        "line_number": 1282,
        "type": "Secret Keyword",
        "verified_result": null
      }
    ],
    "runtime/bcutil/test/natives/module.xml": [
      {
        "hashed_secret": "74614da9fe995b1da703ce76ff5e5d64766c05a2",
        "is_secret": false,
        "is_verified": false,
        "line_number": 25,
        "type": "Base64 High Entropy String",
        "verified_result": null
      }
    ],
    "runtime/compiler/control/J9Options.cpp": [
      {
        "hashed_secret": "003367aca499c57c9e6be725db34d43018664526",
        "is_secret": false,
        "is_verified": false,
        "line_number": 1218,
        "type": "Base64 High Entropy String",
        "verified_result": null
      }
    ],
    "runtime/compiler/env/VMJ9.cpp": [
      {
        "hashed_secret": "ad3cb8f8cbd648c8b6584e3b989c91e72bb02d3d",
        "is_secret": false,
        "is_verified": false,
        "line_number": 7920,
        "type": "Base64 High Entropy String",
        "verified_result": null
      }
    ],
    "runtime/compiler/ilgen/Walker.cpp": [
      {
        "hashed_secret": "55154345b46fdae043e5304e2a882769a8dff099",
        "is_secret": false,
        "is_verified": false,
        "line_number": 2881,
        "type": "Base64 High Entropy String",
        "verified_result": null
      }
    ],
    "runtime/compiler/net/LoadSSLLibs.cpp": [
      {
        "hashed_secret": "0421f3d3812e5721251707f1313def43eaaadd10",
        "is_secret": false,
        "is_verified": false,
        "line_number": 482,
        "type": "Secret Keyword",
        "verified_result": null
      }
    ],
    "runtime/compiler/net/MessageTypes.cpp": [
      {
        "hashed_secret": "d0b5fbc517842e82872a94edb43a17f22387dd94",
        "is_secret": false,
        "is_verified": false,
        "line_number": 178,
        "type": "Base64 High Entropy String",
        "verified_result": null
      },
      {
        "hashed_secret": "368f048005975ad505775ad8165c18ae04204d27",
        "is_secret": false,
        "is_verified": false,
        "line_number": 229,
        "type": "Base64 High Entropy String",
        "verified_result": null
      },
      {
        "hashed_secret": "724aa91310bf1d9a6d4131ed540fefabccc371c4",
        "is_secret": false,
        "is_verified": false,
        "line_number": 242,
        "type": "Base64 High Entropy String",
        "verified_result": null
      }
    ],
    "runtime/compiler/x/codegen/J9TreeEvaluator.cpp": [
      {
        "hashed_secret": "5c1b5f3af94e93e99a26d6ac9550d86edd767076",
        "is_secret": false,
        "is_verified": false,
        "line_number": 2239,
        "type": "Base64 High Entropy String",
        "verified_result": null
      }
    ],
    "runtime/compiler/z/codegen/J9TreeEvaluator.cpp": [
      {
        "hashed_secret": "9fde58801bf1dbf57a28107aa6448ac6087e9c8b",
        "is_secret": false,
        "is_verified": false,
        "line_number": 5679,
        "type": "Base64 High Entropy String",
        "verified_result": null
      }
    ],
    "runtime/gc_glue_java/configure_includes/configure_linux_arm.mk": [
      {
        "hashed_secret": "f6634a7e6aa4ca6530acd986ddb0ce2b8cf6e6a1",
        "is_secret": false,
        "is_verified": false,
        "line_number": 62,
        "type": "Base64 High Entropy String",
        "verified_result": null
      }
    ],
    "runtime/jcl/uma/java_dyn_methodhandle_exports.xml": [
      {
        "hashed_secret": "eb38f8b1762d60b17564c0f91cfa098424e4eaf8",
        "is_secret": false,
        "is_verified": false,
        "line_number": 31,
        "type": "Base64 High Entropy String",
        "verified_result": null
      }
    ],
    "runtime/jcl/uma/jithelpers_jni_exports.xml": [
      {
        "hashed_secret": "33bf1517764e13f678a9a03333567bfa167a03cd",
        "is_secret": false,
        "is_verified": false,
        "line_number": 25,
        "type": "Base64 High Entropy String",
        "verified_result": null
      },
      {
        "hashed_secret": "42b3c2fb3a615c6771365a7fad56e290b2ccfa4c",
        "is_secret": false,
        "is_verified": false,
        "line_number": 26,
        "type": "Base64 High Entropy String",
        "verified_result": null
      },
      {
        "hashed_secret": "1a8cfe3bf2f47e0a617127d1ea0eb8e5bc974a6d",
        "is_secret": false,
        "is_verified": false,
        "line_number": 29,
        "type": "Base64 High Entropy String",
        "verified_result": null
      },
      {
        "hashed_secret": "da288a314d7bf15ad012fa0525eeacfa4bce4af0",
        "is_secret": false,
        "is_verified": false,
        "line_number": 31,
        "type": "Base64 High Entropy String",
        "verified_result": null
      },
      {
        "hashed_secret": "0b8e182b09b3b3dafbd81b7e5201a983e1e2370a",
        "is_secret": false,
        "is_verified": false,
        "line_number": 32,
        "type": "Base64 High Entropy String",
        "verified_result": null
      },
      {
        "hashed_secret": "86ea568fdd5ad9d2d764deb8523cbccb63bedec3",
        "is_secret": false,
        "is_verified": false,
        "line_number": 38,
        "type": "Base64 High Entropy String",
        "verified_result": null
      },
      {
        "hashed_secret": "c14e98b17cbb9610ccecb59e4091e8af07bfa9e8",
        "is_secret": false,
        "is_verified": false,
        "line_number": 39,
        "type": "Base64 High Entropy String",
        "verified_result": null
      },
      {
        "hashed_secret": "6820a0c605cca14105ed8b0ce7d0cc8cf59390dd",
        "is_secret": false,
        "is_verified": false,
        "line_number": 42,
        "type": "Base64 High Entropy String",
        "verified_result": null
      },
      {
        "hashed_secret": "74468615f9ef2a4bb6db1c667c84ac0184b9cecd",
        "is_secret": false,
        "is_verified": false,
        "line_number": 43,
        "type": "Base64 High Entropy String",
        "verified_result": null
      },
      {
        "hashed_secret": "ced31bb8b9a32022d9e17a5bf6f4c1e99c7f328e",
        "is_secret": false,
        "is_verified": false,
        "line_number": 44,
        "type": "Base64 High Entropy String",
        "verified_result": null
      },
      {
        "hashed_secret": "2376e67ad7a1d261a05f616727ef4ff4d6926707",
        "is_secret": false,
        "is_verified": false,
        "line_number": 45,
        "type": "Base64 High Entropy String",
        "verified_result": null
      },
      {
        "hashed_secret": "ee4c4bcbe11ebebb80ab112beeda5bc8920dcd82",
        "is_secret": false,
        "is_verified": false,
        "line_number": 50,
        "type": "Base64 High Entropy String",
        "verified_result": null
      },
      {
        "hashed_secret": "f0340fb170edc714bf9ce64e39b167494cc5a197",
        "is_secret": false,
        "is_verified": false,
        "line_number": 51,
        "type": "Base64 High Entropy String",
        "verified_result": null
      },
      {
        "hashed_secret": "2e2e544da753287e217df365c35eb0fc93e86c70",
        "is_secret": false,
        "is_verified": false,
        "line_number": 52,
        "type": "Base64 High Entropy String",
        "verified_result": null
      },
      {
        "hashed_secret": "e9d33dacac5564fe128fd38fdaf0d856b5ee7efb",
        "is_secret": false,
        "is_verified": false,
        "line_number": 53,
        "type": "Base64 High Entropy String",
        "verified_result": null
      },
      {
        "hashed_secret": "43be948c7d0c5f4c33c44837e53674a3b20da6d6",
        "is_secret": false,
        "is_verified": false,
        "line_number": 60,
        "type": "Base64 High Entropy String",
        "verified_result": null
      },
      {
        "hashed_secret": "e0c1c4aed0c8dd5cb386c0bcf9d2e507a417d53f",
        "is_secret": false,
        "is_verified": false,
        "line_number": 66,
        "type": "Base64 High Entropy String",
        "verified_result": null
      },
      {
        "hashed_secret": "75be5000e1c7d1951859d28dc9e60fe2cda372e2",
        "is_secret": false,
        "is_verified": false,
        "line_number": 75,
        "type": "Base64 High Entropy String",
        "verified_result": null
      },
      {
        "hashed_secret": "bf6ac0aa3627890e84f8b6ef58dcf7e3e96e7323",
        "is_secret": false,
        "is_verified": false,
        "line_number": 78,
        "type": "Base64 High Entropy String",
        "verified_result": null
      },
      {
        "hashed_secret": "b72220d1e3278cca66cc5aa9be38df2ac30e2c22",
        "is_secret": false,
        "is_verified": false,
        "line_number": 81,
        "type": "Base64 High Entropy String",
        "verified_result": null
      },
      {
        "hashed_secret": "5aac678c1a295f056f578cb75b11aa629a6d6bec",
        "is_secret": false,
        "is_verified": false,
        "line_number": 84,
        "type": "Base64 High Entropy String",
        "verified_result": null
      },
      {
        "hashed_secret": "d61a24760bb6f81fee4b26a251f65bddfda2eaa2",
        "is_secret": false,
        "is_verified": false,
        "line_number": 96,
        "type": "Base64 High Entropy String",
        "verified_result": null
      },
      {
        "hashed_secret": "a3031f998be3df63416051007ed42e6ae544fc5b",
        "is_secret": false,
        "is_verified": false,
        "line_number": 102,
        "type": "Base64 High Entropy String",
        "verified_result": null
      },
      {
        "hashed_secret": "bf3a8fcbf07481fb64a0abc671db1e7043507683",
        "is_secret": false,
        "is_verified": false,
        "line_number": 111,
        "type": "Base64 High Entropy String",
        "verified_result": null
      },
      {
        "hashed_secret": "0aa882e04dd72958c2c691c252adf31bea77876b",
        "is_secret": false,
        "is_verified": false,
        "line_number": 114,
        "type": "Base64 High Entropy String",
        "verified_result": null
      },
      {
        "hashed_secret": "128f00621696af437fcafbdca5d0f838fa88b142",
        "is_secret": false,
        "is_verified": false,
        "line_number": 117,
        "type": "Base64 High Entropy String",
        "verified_result": null
      },
      {
        "hashed_secret": "9f5ec275690267483195801baad15e7611d8e643",
        "is_secret": false,
        "is_verified": false,
        "line_number": 120,
        "type": "Base64 High Entropy String",
        "verified_result": null
      }
    ],
    "runtime/jcl/uma/se626_orb_ludcl_exports.xml": [
      {
        "hashed_secret": "8dd0762e7cee91d01b3e6290be47e760dfb9de02",
        "is_secret": false,
        "is_verified": false,
        "line_number": 23,
        "type": "Base64 High Entropy String",
        "verified_result": null
      },
      {
        "hashed_secret": "387f5a621bd049cd7ef72507a878725479ba06fd",
        "is_secret": false,
        "is_verified": false,
        "line_number": 24,
        "type": "Base64 High Entropy String",
        "verified_result": null
      },
      {
        "hashed_secret": "410718498f9b0db0d0d74169bc1173bdd22d83ff",
        "is_secret": false,
        "is_verified": false,
        "line_number": 27,
        "type": "Base64 High Entropy String",
        "verified_result": null
      },
      {
        "hashed_secret": "53a46344fd1bdbbd1c938f36a508f48cded5ddfd",
        "is_secret": false,
        "is_verified": false,
        "line_number": 28,
        "type": "Base64 High Entropy String",
        "verified_result": null
      },
      {
        "hashed_secret": "aa66d0e0213110a1e4193b1316a5e0152e9572d0",
        "is_secret": false,
        "is_verified": false,
        "line_number": 29,
        "type": "Base64 High Entropy String",
        "verified_result": null
      },
      {
        "hashed_secret": "7f8dd0c6d4f0810e21b0739b8f287ad8fa9408be",
        "is_secret": false,
        "is_verified": false,
        "line_number": 30,
        "type": "Base64 High Entropy String",
        "verified_result": null
      },
      {
        "hashed_secret": "4f51ef111cc44e9efd6794627c625f5e4e9a4a43",
        "is_secret": false,
        "is_verified": false,
        "line_number": 31,
        "type": "Base64 High Entropy String",
        "verified_result": null
      },
      {
        "hashed_secret": "43dcef2fe0982548878a909d85eb8cfda90b988c",
        "is_secret": false,
        "is_verified": false,
        "line_number": 35,
        "type": "Base64 High Entropy String",
        "verified_result": null
      },
      {
        "hashed_secret": "4087d99ac3d256b14f936289e061c486efd8e15d",
        "is_secret": false,
        "is_verified": false,
        "line_number": 38,
        "type": "Base64 High Entropy String",
        "verified_result": null
      },
      {
        "hashed_secret": "1579eed1386886584bc1b743921c14db50b19ed2",
        "is_secret": false,
        "is_verified": false,
        "line_number": 41,
        "type": "Base64 High Entropy String",
        "verified_result": null
      },
      {
        "hashed_secret": "0113e9c8e5474c39774543d59c9930c549bca953",
        "is_secret": false,
        "is_verified": false,
        "line_number": 47,
        "type": "Base64 High Entropy String",
        "verified_result": null
      },
      {
        "hashed_secret": "b6cae51b3ec4fb6238ccbf5f6ead77d49cf77d46",
        "is_secret": false,
        "is_verified": false,
        "line_number": 50,
        "type": "Base64 High Entropy String",
        "verified_result": null
      },
      {
        "hashed_secret": "e77ea0769db5e1c4b5d339a3ea9bae776d4e2e59",
        "is_secret": false,
        "is_verified": false,
        "line_number": 53,
        "type": "Base64 High Entropy String",
        "verified_result": null
      }
    ],
    "runtime/jcl/uma/se6_vm-side_natives_exports.xml": [
      {
        "hashed_secret": "c5cf698cf96745f3d4fc578630150e0d8eba1b63",
        "is_secret": false,
        "is_verified": false,
        "line_number": 136,
        "type": "Base64 High Entropy String",
        "verified_result": null
      }
    ],
    "runtime/jilgen/jilconsts.c": [
      {
        "hashed_secret": "2befd7841e1ee9da7d64ea27d55515de4c13cd45",
        "is_secret": false,
        "is_verified": false,
        "line_number": 586,
        "type": "Base64 High Entropy String",
        "verified_result": null
      },
      {
        "hashed_secret": "3fb0fbf9a0727f669ed4a75818009d3ec8c2df0f",
        "is_secret": false,
        "is_verified": false,
        "line_number": 587,
        "type": "Base64 High Entropy String",
        "verified_result": null
      },
      {
        "hashed_secret": "dfcd03ebb407726a39f52312c3fb7e49f0aee644",
        "is_secret": false,
        "is_verified": false,
        "line_number": 588,
        "type": "Base64 High Entropy String",
        "verified_result": null
      },
      {
        "hashed_secret": "bb3d7c18905359d5fb5f17c76519a49a9d825980",
        "is_secret": false,
        "is_verified": false,
        "line_number": 592,
        "type": "Base64 High Entropy String",
        "verified_result": null
      },
      {
        "hashed_secret": "6a65d5899da1d43c32276cde32ef1c5328a637ad",
        "is_secret": false,
        "is_verified": false,
        "line_number": 594,
        "type": "Base64 High Entropy String",
        "verified_result": null
      },
      {
        "hashed_secret": "ec910eb88126d790eb3f649f7a4ea7a628a37797",
        "is_secret": false,
        "is_verified": false,
        "line_number": 595,
        "type": "Base64 High Entropy String",
        "verified_result": null
      },
      {
        "hashed_secret": "760c7118dccf8c4872fe295d2d442992df701db5",
        "is_secret": false,
        "is_verified": false,
        "line_number": 640,
        "type": "Base64 High Entropy String",
        "verified_result": null
      },
      {
        "hashed_secret": "f82a44236ee09ff4c14697422512451a9fbe145a",
        "is_secret": false,
        "is_verified": false,
        "line_number": 641,
        "type": "Base64 High Entropy String",
        "verified_result": null
      },
      {
        "hashed_secret": "b2f7eb2c9cf3ba7b8acda2b173a94b01954d9abe",
        "is_secret": false,
        "is_verified": false,
        "line_number": 642,
        "type": "Base64 High Entropy String",
        "verified_result": null
      },
      {
        "hashed_secret": "855416a5fe3d6eaf6fe8c1e2a7314aee2388600d",
        "is_secret": false,
        "is_verified": false,
        "line_number": 645,
        "type": "Base64 High Entropy String",
        "verified_result": null
      },
      {
        "hashed_secret": "3f80e5b1c966630a2f474d2c161947a29b7a0266",
        "is_secret": false,
        "is_verified": false,
        "line_number": 650,
        "type": "Base64 High Entropy String",
        "verified_result": null
      },
      {
        "hashed_secret": "eb38b8c2b4e9906d937add676d6d4d413807e6f9",
        "is_secret": false,
        "is_verified": false,
        "line_number": 651,
        "type": "Base64 High Entropy String",
        "verified_result": null
      },
      {
        "hashed_secret": "c1e96ac868c2adc21966b4cb26128a01ec4559fb",
        "is_secret": false,
        "is_verified": false,
        "line_number": 652,
        "type": "Base64 High Entropy String",
        "verified_result": null
      },
      {
        "hashed_secret": "97910f2f040c00ca864518064b81c6ef6800fa21",
        "is_secret": false,
        "is_verified": false,
        "line_number": 653,
        "type": "Base64 High Entropy String",
        "verified_result": null
      },
      {
        "hashed_secret": "1192f1855a8d6c2b36beaed8e73cb6b42dc0cf3b",
        "is_secret": false,
        "is_verified": false,
        "line_number": 668,
        "type": "Base64 High Entropy String",
        "verified_result": null
      },
      {
        "hashed_secret": "328bfc5af60ffd9aba89e114150c2d99763476a6",
        "is_secret": false,
        "is_verified": false,
        "line_number": 669,
        "type": "Base64 High Entropy String",
        "verified_result": null
      },
      {
        "hashed_secret": "875aa06bd8f8b330d4d917c97325feb6e248b186",
        "is_secret": false,
        "is_verified": false,
        "line_number": 671,
        "type": "Base64 High Entropy String",
        "verified_result": null
      },
      {
        "hashed_secret": "3be3731eba079912275cd10cd9d8788731bfd137",
        "is_secret": false,
        "is_verified": false,
        "line_number": 707,
        "type": "Base64 High Entropy String",
        "verified_result": null
      },
      {
        "hashed_secret": "9611f3bfc49301b95d15d2dd21a32396b0777ca8",
        "is_secret": false,
        "is_verified": false,
        "line_number": 712,
        "type": "Base64 High Entropy String",
        "verified_result": null
      },
      {
        "hashed_secret": "06756faf55b3561cc4451dedcd02e9262e7a99cd",
        "is_secret": false,
        "is_verified": false,
        "line_number": 734,
        "type": "Base64 High Entropy String",
        "verified_result": null
      }
    ],
    "runtime/libffi/module.xml": [
      {
        "hashed_secret": "8902ed9a0c1596ae1627c418b142049cb3cc51e3",
        "is_secret": false,
        "is_verified": false,
        "line_number": 31,
        "type": "Base64 High Entropy String",
        "verified_result": null
      }
    ],
    "runtime/tests/clinkerffi/module.xml": [
      {
        "hashed_secret": "725cd45e81bca1514588706d5f788e4981b0ccb8",
        "is_secret": false,
        "is_verified": false,
        "line_number": 536,
        "type": "Base64 High Entropy String",
        "verified_result": null
      },
      {
        "hashed_secret": "ff02deae0fa2b9fa71c7e1a5f3ebef157853d425",
        "is_secret": false,
        "is_verified": false,
        "line_number": 537,
        "type": "Base64 High Entropy String",
        "verified_result": null
      },
      {
        "hashed_secret": "acc59f395669f698f817467a283e8f551717afed",
        "is_secret": false,
        "is_verified": false,
        "line_number": 538,
        "type": "Base64 High Entropy String",
        "verified_result": null
      },
      {
        "hashed_secret": "6906688ae58c4084a9a91e57b84cfd143430b04a",
        "is_secret": false,
        "is_verified": false,
        "line_number": 539,
        "type": "Base64 High Entropy String",
        "verified_result": null
      },
      {
        "hashed_secret": "2614531ab89826a19636850399716e23d7c28bd7",
        "is_secret": false,
        "is_verified": false,
        "line_number": 649,
        "type": "Base64 High Entropy String",
        "verified_result": null
      },
      {
        "hashed_secret": "6eddaa919ae4d9ce5ce4f7c9c262e5ccf2c557d4",
        "is_secret": false,
        "is_verified": false,
        "line_number": 650,
        "type": "Base64 High Entropy String",
        "verified_result": null
      },
      {
        "hashed_secret": "d12d48b98b718788135796ec41df7594ed5a3b9b",
        "is_secret": false,
        "is_verified": false,
        "line_number": 651,
        "type": "Base64 High Entropy String",
        "verified_result": null
      },
      {
        "hashed_secret": "70fa552632c08069fe7dbb80ed3837e52d7c8eb6",
        "is_secret": false,
        "is_verified": false,
        "line_number": 652,
        "type": "Base64 High Entropy String",
        "verified_result": null
      },
      {
        "hashed_secret": "5c59a0ed706af1d1252b0cabfba657ef105d8bd8",
        "is_secret": false,
        "is_verified": false,
        "line_number": 656,
        "type": "Base64 High Entropy String",
        "verified_result": null
      },
      {
        "hashed_secret": "36dbc097db544681daf2fb32c06ff565c8e39fbb",
        "is_secret": false,
        "is_verified": false,
        "line_number": 657,
        "type": "Base64 High Entropy String",
        "verified_result": null
      },
      {
        "hashed_secret": "55dc720ad6721cc9cd3a551f8e477f79535fb6fc",
        "is_secret": false,
        "is_verified": false,
        "line_number": 660,
        "type": "Base64 High Entropy String",
        "verified_result": null
      },
      {
        "hashed_secret": "4ce1758ec75d0d078cfca25ed9937a69e3c93922",
        "is_secret": false,
        "is_verified": false,
        "line_number": 661,
        "type": "Base64 High Entropy String",
        "verified_result": null
      },
      {
        "hashed_secret": "d25e1eb7ef59f5169c7be019f35cf0ff1db8aa2f",
        "is_secret": false,
        "is_verified": false,
        "line_number": 798,
        "type": "Base64 High Entropy String",
        "verified_result": null
      },
      {
        "hashed_secret": "101e3befd5b0c573bae3ccde45f9d38f78f983ba",
        "is_secret": false,
        "is_verified": false,
        "line_number": 799,
        "type": "Base64 High Entropy String",
        "verified_result": null
      },
      {
        "hashed_secret": "e48b128e8d30f965f4a5a1b2c5d1eeeda7a26161",
        "is_secret": false,
        "is_verified": false,
        "line_number": 800,
        "type": "Base64 High Entropy String",
        "verified_result": null
      }
    ],
    "runtime/tests/jni/module.xml": [
      {
        "hashed_secret": "509481dbdffb317ba543e9208bac651f0cfd90b1",
        "is_secret": false,
        "is_verified": false,
        "line_number": 195,
        "type": "Base64 High Entropy String",
        "verified_result": null
      },
      {
        "hashed_secret": "a946e9e30cc868eac8b96ec853a84daebfa78fde",
        "is_secret": false,
        "is_verified": false,
        "line_number": 196,
        "type": "Base64 High Entropy String",
        "verified_result": null
      },
      {
        "hashed_secret": "038bf432e716a61a1667a25928dfb904862aea37",
        "is_secret": false,
        "is_verified": false,
        "line_number": 263,
        "type": "Base64 High Entropy String",
        "verified_result": null
      },
      {
        "hashed_secret": "47137bbe17363065a2a8dc026f1787622aeba713",
        "is_secret": false,
        "is_verified": false,
        "line_number": 268,
        "type": "Base64 High Entropy String",
        "verified_result": null
      },
      {
        "hashed_secret": "67ec003d60ae7b75c42bbeec7c56294cd3eb71f1",
        "is_secret": false,
        "is_verified": false,
        "line_number": 345,
        "type": "Base64 High Entropy String",
        "verified_result": null
      },
      {
        "hashed_secret": "ba0e9ae302eddb322db1f543c25e80640fb4c95c",
        "is_secret": false,
        "is_verified": false,
        "line_number": 354,
        "type": "Base64 High Entropy String",
        "verified_result": null
      },
      {
        "hashed_secret": "3c63323d83c7dce98bf316304f123c5779c54063",
        "is_secret": false,
        "is_verified": false,
        "line_number": 362,
        "type": "Base64 High Entropy String",
        "verified_result": null
      },
      {
        "hashed_secret": "fe87ac0f9c3f2ce1d3a22a8da9bbaffcbc4d2cdd",
        "is_secret": false,
        "is_verified": false,
        "line_number": 363,
        "type": "Base64 High Entropy String",
        "verified_result": null
      }
    ],
    "runtime/tests/jvmtitests/module.xml": [
      {
        "hashed_secret": "aade1b9bc677d9bd6398be882033924bcff88b1d",
        "is_secret": false,
        "is_verified": false,
        "line_number": 118,
        "type": "Base64 High Entropy String",
        "verified_result": null
      },
      {
        "hashed_secret": "1bae8a383e25aabaff0671dc5b1dee9d2e9e61de",
        "is_secret": false,
        "is_verified": false,
        "line_number": 119,
        "type": "Base64 High Entropy String",
        "verified_result": null
      },
      {
        "hashed_secret": "b0dad78567174c34e12bf0d99b47c3106a181493",
        "is_secret": false,
        "is_verified": false,
        "line_number": 120,
        "type": "Base64 High Entropy String",
        "verified_result": null
      },
      {
        "hashed_secret": "3ad11bca28e4ee60fff11a89cd456f991b6a1ce2",
        "is_secret": false,
        "is_verified": false,
        "line_number": 121,
        "type": "Base64 High Entropy String",
        "verified_result": null
      },
      {
        "hashed_secret": "8f64b98fafd767f89da83152d9db80341eee5c72",
        "is_secret": false,
        "is_verified": false,
        "line_number": 122,
        "type": "Base64 High Entropy String",
        "verified_result": null
      },
      {
        "hashed_secret": "b2c81e1cffa1688d70509d170f9e8129232977ff",
        "is_secret": false,
        "is_verified": false,
        "line_number": 129,
        "type": "Base64 High Entropy String",
        "verified_result": null
      },
      {
        "hashed_secret": "ebd0f9e0d5d0b12a23ebcac634c64f49f1a0d8d7",
        "is_secret": false,
        "is_verified": false,
        "line_number": 155,
        "type": "Base64 High Entropy String",
        "verified_result": null
      },
      {
        "hashed_secret": "b711666676b0cc1637bfe2851c89e65c2ffe24ca",
        "is_secret": false,
        "is_verified": false,
        "line_number": 197,
        "type": "Base64 High Entropy String",
        "verified_result": null
      }
    ],
    "runtime/tests/port/j9fileTest.c": [
      {
        "hashed_secret": "db9d100073836c9651690af5a74192fe6af1a2b6",
        "is_secret": false,
        "is_verified": false,
        "line_number": 1333,
        "type": "Hex High Entropy String",
        "verified_result": null
      }
    ],
    "runtime/tests/shared/ByteDataTest.cpp": [
      {
        "hashed_secret": "5471d5e4e91d0c0d87249d5873d7fcb5a141a582",
        "is_secret": false,
        "is_verified": false,
        "line_number": 47,
        "type": "Base64 High Entropy String",
        "verified_result": null
      },
      {
        "hashed_secret": "fecfd28bbc9345891a66d7c1b8ff46e60192d284",
        "is_secret": false,
        "is_verified": false,
        "line_number": 58,
        "type": "Hex High Entropy String",
        "verified_result": null
      }
    ],
    "runtime/tests/shared/CompiledMethodTest.cpp": [
      {
        "hashed_secret": "fd5cae20ded6c5fa87edd0b5607a70b4899cc6d7",
        "is_secret": false,
        "is_verified": false,
        "line_number": 228,
        "type": "Hex High Entropy String",
        "verified_result": null
      },
      {
        "hashed_secret": "e3cde6072d138ecd08739295525fe66efb47b0dd",
        "is_secret": false,
        "is_verified": false,
        "line_number": 229,
        "type": "Base64 High Entropy String",
        "verified_result": null
      },
      {
        "hashed_secret": "1d708d73a60931ddeeba370e4b789b17d41fa070",
        "is_secret": false,
        "is_verified": false,
        "line_number": 367,
        "type": "Base64 High Entropy String",
        "verified_result": null
      }
    ],
    "runtime/vm/bindnatv.cpp": [
      {
        "hashed_secret": "b74fcb1a3044961ff4a05e37fcdbcc70829ac46b",
        "is_secret": false,
        "is_verified": false,
        "line_number": 349,
        "type": "Base64 High Entropy String",
        "verified_result": null
      },
      {
        "hashed_secret": "3884f91cfa98e4d1cd650434e24789d82fb4837b",
        "is_secret": false,
        "is_verified": false,
        "line_number": 350,
        "type": "Base64 High Entropy String",
        "verified_result": null
      }
    ],
    "runtime/vm/jvminit.c": [
      {
        "hashed_secret": "c71490fc24aa3d19e11282da77032dd9cdb33103",
        "is_secret": false,
        "is_verified": false,
        "line_number": 6572,
        "type": "Hex High Entropy String",
        "verified_result": null
      },
      {
        "hashed_secret": "98b4b1764ea88d6c3fa63b70799dbd0c03372d1a",
        "is_secret": false,
        "is_verified": false,
        "line_number": 6580,
        "type": "Hex High Entropy String",
        "verified_result": null
      }
    ],
    "runtime/zlib/module.xml": [
      {
        "hashed_secret": "b3cd99a04f6ce86005ce530773f53830436272eb",
        "is_secret": false,
        "is_verified": false,
        "line_number": 55,
        "type": "Base64 High Entropy String",
        "verified_result": null
      }
    ]
  },
  "version": "0.13.1+ibm.62.dss",
  "word_list": {
    "file": null,
    "hash": null
  }
}
